[INFO] Scanning for projects...
[INFO] 
[INFO] ---------------------< com.algoknight:journalApp >----------------------
[INFO] Building journal App 0.0.1-SNAPSHOT
[INFO]   from pom.xml
[INFO] --------------------------------[ jar ]---------------------------------
[INFO] 
[INFO] --- resources:3.3.1:resources (default-resources) @ journalApp ---
[INFO] Copying 1 resource from src\main\resources to target\classes
[INFO] Copying 0 resource from src\main\resources to target\classes
[INFO] 
[INFO] --- compiler:3.14.1:compile (default-compile) @ journalApp ---
[INFO] Nothing to compile - all classes are up to date.
[INFO] 
[INFO] --- resources:3.3.1:testResources (default-testResources) @ journalApp ---
[INFO] skip non existing resourceDirectory D:\Pradhuman Area\Study\Project\journalApp\journalApp\src\test\resources
[INFO] 
[INFO] --- compiler:3.14.1:testCompile (default-testCompile) @ journalApp ---
[INFO] Recompiling the module because of changed source code.
[INFO] Compiling 5 source files with javac [debug parameters release 17] to target\test-classes
[INFO] -------------------------------------------------------------
[ERROR] COMPILATION ERROR : 
[INFO] -------------------------------------------------------------
[ERROR] /D:/Pradhuman Area/Study/Project/journalApp/journalApp/src/test/java/com/algoknight/journalApp/contoller/UserControllerTest.java:[5,38] package com.fasterxml.jackson.databind does not exist
[ERROR] /D:/Pradhuman Area/Study/Project/journalApp/journalApp/src/test/java/com/algoknight/journalApp/contoller/UserControllerTest.java:[8,63] package org.springframework.boot.test.autoconfigure.web.servlet does not exist
[ERROR] /D:/Pradhuman Area/Study/Project/journalApp/journalApp/src/test/java/com/algoknight/journalApp/contoller/UserControllerTest.java:[10,50] package org.springframework.boot.test.mock.mockito does not exist
[ERROR] /D:/Pradhuman Area/Study/Project/journalApp/journalApp/src/test/java/com/algoknight/journalApp/contoller/UserControllerTest.java:[20,2] cannot find symbol
  symbol: class AutoConfigureMockMvc
[ERROR] /D:/Pradhuman Area/Study/Project/journalApp/journalApp/src/test/java/com/algoknight/journalApp/contoller/UserControllerTest.java:[30,13] cannot find symbol
  symbol:   class ObjectMapper
  location: class com.algoknight.journalApp.contoller.UserControllerTest
[ERROR] /D:/Pradhuman Area/Study/Project/journalApp/journalApp/src/test/java/com/algoknight/journalApp/contoller/UserControllerTest.java:[26,6] cannot find symbol
  symbol:   class MockBean
  location: class com.algoknight.journalApp.contoller.UserControllerTest
[INFO] 6 errors 
[INFO] -------------------------------------------------------------
[INFO] ------------------------------------------------------------------------
[INFO] BUILD FAILURE
[INFO] ------------------------------------------------------------------------
[INFO] Total time:  4.624 s
[INFO] Finished at: 2026-03-17T13:28:31+05:30
[INFO] ------------------------------------------------------------------------
[ERROR] Failed to execute goal org.apache.maven.plugins:maven-compiler-plugin:3.14.1:testCompile (default-testCompile) on project journalApp: Compilation failure: Compilation failure: 
[ERROR] /D:/Pradhuman Area/Study/Project/journalApp/journalApp/src/test/java/com/algoknight/journalApp/contoller/UserControllerTest.java:[5,38] package com.fasterxml.jackson.databind does not exist
[ERROR] /D:/Pradhuman Area/Study/Project/journalApp/journalApp/src/test/java/com/algoknight/journalApp/contoller/UserControllerTest.java:[8,63] package org.springframework.boot.test.autoconfigure.web.servlet does not exist
[ERROR] /D:/Pradhuman Area/Study/Project/journalApp/journalApp/src/test/java/com/algoknight/journalApp/contoller/UserControllerTest.java:[10,50] package org.springframework.boot.test.mock.mockito does not exist
[ERROR] /D:/Pradhuman Area/Study/Project/journalApp/journalApp/src/test/java/com/algoknight/journalApp/contoller/UserControllerTest.java:[20,2] cannot find symbol
[ERROR]   symbol: class AutoConfigureMockMvc
[ERROR] /D:/Pradhuman Area/Study/Project/journalApp/journalApp/src/test/java/com/algoknight/journalApp/contoller/UserControllerTest.java:[30,13] cannot find symbol
[ERROR]   symbol:   class ObjectMapper
[ERROR]   location: class com.algoknight.journalApp.contoller.UserControllerTest
[ERROR] /D:/Pradhuman Area/Study/Project/journalApp/journalApp/src/test/java/com/algoknight/journalApp/contoller/UserControllerTest.java:[26,6] cannot find symbol
[ERROR]   symbol:   class MockBean
[ERROR]   location: class com.algoknight.journalApp.contoller.UserControllerTest
[ERROR] -> [Help 1]
[ERROR] 
[ERROR] To see the full stack trace of the errors, re-run Maven with the -e switch.
[ERROR] Re-run Maven using the -X switch to enable full debug logging.
[ERROR] 
[ERROR] For more information about the errors and possible solutions, please read the following articles:
[ERROR] [Help 1] http://cwiki.apache.org/confluence/display/MAVEN/MojoFailureException
